MaterialApp
 │ state: _MaterialAppState#00000
 │
 └─ScrollConfiguration
   │ behavior: MaterialScrollBehavior
   │
   └─HeroControllerScope
     └─Focus
       │ state: _FocusState#00000
       │
       └─_FocusMarker
         └─Semantics
           │ container: false
           │ properties: SemanticsProperties
           │ label: null
           │ attributedLabel: "null"
           │ value: null
           │ attributedValue: "null"
           │ hint: null
           │ attributedHint: "null"
           │ hintOverrides: null
           │ renderObject: RenderSemanticsAnnotations#00000
           │
           └─WidgetsApp-[GlobalObjectKey _MaterialAppState#00000]
             │ state: _WidgetsAppState#00000
             │
             └─RootRestorationScope
               │ state: _RootRestorationScopeState#00000
               │
               └─UnmanagedRestorationScope
...