MaterialApp
 │ state: _MaterialAppState#00000
 │
 └─ScrollConfiguration
   │ behavior: _MaterialScrollBehavior
   │
   └─WidgetsApp-[GlobalObjectKey _MaterialAppState#00000]
     │ state: _WidgetsAppState#00000
     │
     └─Shortcuts
       │ manager: null
       │ shortcuts: {LogicalKeySet#00000(keys:
       │   {LogicalKeyboardKey#00000(keyId: "0x10007002b", keyLabel: null,
       │   debugName: "Tab")}): Intent#00000(key: [<NextFocusAction>]),
       │   LogicalKeySet#00000(keys: {LogicalKeyboardKey#00000(keyId:
       │   "0x201000700e1", keyLabel: null, debugName: "Shift"),
       │   LogicalKeyboardKey#00000(keyId: "0x10007002b", keyLabel: null,
       │   debugName: "Tab")}): Intent#00000(key:
       │   [<PreviousFocusAction>]), LogicalKeySet#00000(keys:
       │   {LogicalKeyboardKey#00000(keyId: "0x100070050", keyLabel: null,
       │   debugName: "Arrow Left")}): DirectionalFocusIntent#00000(key:
       │   [<DirectionalFocusAction>]), LogicalKeySet#00000(keys:
       │   {LogicalKeyboardKey#00000(keyId: "0x10007004f", keyLabel: null,
       │   debugName: "Arrow Right")}): DirectionalFocusIntent#00000(key:
       │   [<DirectionalFocusAction>]), LogicalKeySet#00000(keys:
       │   {LogicalKeyboardKey#00000(keyId: "0x100070051", keyLabel: null,
       │   debugName: "Arrow Down")}): DirectionalFocusIntent#00000(key:
       │   [<DirectionalFocusAction>]), LogicalKeySet#00000(keys:
       │   {LogicalKeyboardKey#00000(keyId: "0x100070052", keyLabel: null,
       │   debugName: "Arrow Up")}): DirectionalFocusIntent#00000(key:
...