>/** there's no end to this comment
#^^^^^^^^^^^^^^^^^^^^^^^^^^^^^^^^^^ comment.block.documentation.dart
