MaterialApp
 │ state: _MaterialAppState#00000
 │
 └─ScrollConfiguration
   │ behavior: MaterialScrollBehavior
   │
   └─HeroControllerScope
     └─Focus
       │ dependencies: [_FocusInheritedScope]
       │ state: _FocusState#00000
       │
       └─_FocusInheritedScope
         └─Semantics
           │ container: false
           │ properties: SemanticsProperties
           │ renderObject: RenderSemanticsAnnotations#00000
           │
           └─WidgetsApp-[GlobalObjectKey _MaterialAppState#00000]
             │ state: _WidgetsAppState#00000
             │
             └─RootRestorationScope
               │ state: _RootRestorationScopeState#00000
               │
               └─UnmanagedRestorationScope
                 └─RestorationScope
                   │ dependencies: [UnmanagedRestorationScope]
                   │ state: _RestorationScopeState#00000
                   │
                   └─UnmanagedRestorationScope
                     └─SharedAppData
...