▼[R][root]
  ▼[M]MyApp
    ▼[M]MaterialApp
      ▼[S]Scaffold
      ├───▼[C]Center
      │     [T]Text <-- selected
      └─▼[A]AppBar
          [T]Text
