[root]
 └─MyApp
   └─MaterialApp
     └─Scaffold
       ├─Center
       │ └─Text
       ├─AppBar
       │ └─Text
       └─FloatingActionButton
         └─Icon
