MaterialApp
 │ state: _MaterialAppState#00000
 │
 └─ScrollConfiguration
   │ behavior: _MaterialScrollBehavior
   │
   └─AnimatedTheme
     │ duration: 200ms
     │ state: _AnimatedThemeState#00000(ticker inactive,
     │   ThemeDataTween(ThemeData#00000(buttonTheme:
     │   ButtonThemeData#00000(buttonColor: Color(0xffe0e0e0),
     │   colorScheme: ColorScheme#00000(primary: MaterialColor(primary
     │   value: Color(0xff2196f3)), primaryVariant: Color(0xff1976d2),
     │   secondary: Color(0xff2196f3), secondaryVariant:
     │   Color(0xff1976d2), background: Color(0xff90caf9), error:
     │   Color(0xffd32f2f), onSecondary: Color(0xffffffff),
     │   onBackground: Color(0xffffffff)), materialTapTargetSize:
     │   MaterialTapTargetSize.padded), textTheme: TextTheme#00000,
     │   primaryTextTheme: TextTheme#00000(display4:
     │   TextStyle(debugLabel: whiteMountainView display4, inherit:
     │   true, color: Color(0xb3ffffff), family: Roboto, decoration:
     │   TextDecoration.none), display3: TextStyle(debugLabel:
     │   whiteMountainView display3, inherit: true, color:
     │   Color(0xb3ffffff), family: Roboto, decoration:
     │   TextDecoration.none), display2: TextStyle(debugLabel:
     │   whiteMountainView display2, inherit: true, color:
     │   Color(0xb3ffffff), family: Roboto, decoration:
     │   TextDecoration.none), display1: TextStyle(debugLabel:
     │   whiteMountainView display1, inherit: true, color:
     │   Color(0xb3ffffff), family: Roboto, decoration:
     │   TextDecoration.none), headline: TextStyle(debugLabel:
     │   whiteMountainView headline, inherit: true, color:
     │   Color(0xffffffff), family: Roboto, decoration:
     │   TextDecoration.none), title: TextStyle(debugLabel:
     │   whiteMountainView title, inherit: true, color:
     │   Color(0xffffffff), family: Roboto, decoration:
     │   TextDecoration.none), subhead: TextStyle(debugLabel:
     │   whiteMountainView subhead, inherit: true, color:
     │   Color(0xffffffff), family: Roboto, decoration:
     │   TextDecoration.none), body2: TextStyle(debugLabel:
     │   whiteMountainView body2, inherit: true, color:
     │   Color(0xffffffff), family: Roboto, decoration:
     │   TextDecoration.none), body1: TextStyle(debugLabel:
     │   whiteMountainView body1, inherit: true, color:
     │   Color(0xffffffff), family: Roboto, decoration:
     │   TextDecoration.none), caption: TextStyle(debugLabel:
     │   whiteMountainView caption, inherit: true, color:
     │   Color(0xb3ffffff), family: Roboto, decoration:
     │   TextDecoration.none), button: TextStyle(debugLabel:
     │   whiteMountainView button, inherit: true, color:
     │   Color(0xffffffff), family: Roboto, decoration:
     │   TextDecoration.none), subtitle): TextStyle(debugLabel:
     │   whiteMountainView subtitle, inherit: true, color:
     │   Color(0xffffffff), family: Roboto, decoration:
     │   TextDecoration.none), overline: TextStyle(debugLabel:
     │   whiteMountainView overline, inherit: true, color:
     │   Color(0xffffffff), family: Roboto, decoration:
     │   TextDecoration.none)), accentTextTheme:
     │   TextTheme#00000(display4: TextStyle(debugLabel:
     │   whiteMountainView display4, inherit: true, color:
     │   Color(0xb3ffffff), family: Roboto, decoration:
     │   TextDecoration.none), display3: TextStyle(debugLabel:
     │   whiteMountainView display3, inherit: true, color:
     │   Color(0xb3ffffff), family: Roboto, decoration:
     │   TextDecoration.none), display2: TextStyle(debugLabel:
     │   whiteMountainView display2, inherit: true, color:
     │   Color(0xb3ffffff), family: Roboto, decoration:
     │   TextDecoration.none), display1: TextStyle(debugLabel:
     │   whiteMountainView display1, inherit: true, color:
     │   Color(0xb3ffffff), family: Roboto, decoration:
     │   TextDecoration.none), headline: TextStyle(debugLabel:
     │   whiteMountainView headline, inherit: true, color:
     │   Color(0xffffffff), family: Roboto, decoration:
     │   TextDecoration.none), title: TextStyle(debugLabel:
     │   whiteMountainView title, inherit: true, color:
     │   Color(0xffffffff), family: Roboto, decoration:
     │   TextDecoration.none), subhead: TextStyle(debugLabel:
     │   whiteMountainView subhead, inherit: true, color:
     │   Color(0xffffffff), family: Roboto, decoration:
     │   TextDecoration.none), body2: TextStyle(debugLabel:
     │   whiteMountainView body2, inherit: true, color:
     │   Color(0xffffffff), family: Roboto, decoration:
     │   TextDecoration.none), body1: TextStyle(debugLabel:
     │   whiteMountainView body1, inherit: true, color:
     │   Color(0xffffffff), family: Roboto, decoration:
     │   TextDecoration.none), caption: TextStyle(debugLabel:
     │   whiteMountainView caption, inherit: true, color:
     │   Color(0xb3ffffff), family: Roboto, decoration:
     │   TextDecoration.none), button: TextStyle(debugLabel:
     │   whiteMountainView button, inherit: true, color:
     │   Color(0xffffffff), family: Roboto, decoration:
     │   TextDecoration.none), subtitle): TextStyle(debugLabel:
     │   whiteMountainView subtitle, inherit: true, color:
     │   Color(0xffffffff), family: Roboto, decoration:
     │   TextDecoration.none), overline: TextStyle(debugLabel:
     │   whiteMountainView overline, inherit: true, color:
     │   Color(0xffffffff), family: Roboto, decoration:
     │   TextDecoration.none)), inputDecorationTheme:
     │   InputDecorationTheme#00000, iconTheme:
     │   IconThemeData#00000(color: Color(0xdd000000)),
     │   primaryIconTheme: IconThemeData#00000(color:
     │   Color(0xffffffff)), accentIconTheme: IconThemeData#00000(color:
     │   Color(0xffffffff)), sliderTheme: SliderThemeData#00000,
     │   tabBarTheme: TabBarTheme#00000, chipTheme: ChipThemeData#00000,
     │   materialTapTargetSize: MaterialTapTargetSize.padded,
     │   pageTransitionsTheme: PageTransitionsTheme#00000) → null))
     │
     └─Theme
       │ data: ThemeData#00000(buttonTheme:
       │   ButtonThemeData#00000(buttonColor: Color(0xffe0e0e0),
       │   colorScheme: ColorScheme#00000(primary: MaterialColor(primary
       │   value: Color(0xff2196f3)), primaryVariant: Color(0xff1976d2),
       │   secondary: Color(0xff2196f3), secondaryVariant:
       │   Color(0xff1976d2), background: Color(0xff90caf9), error:
       │   Color(0xffd32f2f), onSecondary: Color(0xffffffff),
       │   onBackground: Color(0xffffffff)), materialTapTargetSize:
       │   MaterialTapTargetSize.padded), textTheme: TextTheme#00000,
       │   primaryTextTheme: TextTheme#00000(display4:
       │   TextStyle(debugLabel: whiteMountainView display4, inherit:
       │   true, color: Color(0xb3ffffff), family: Roboto, decoration:
       │   TextDecoration.none), display3: TextStyle(debugLabel:
       │   whiteMountainView display3, inherit: true, color:
       │   Color(0xb3ffffff), family: Roboto, decoration:
       │   TextDecoration.none), display2: TextStyle(debugLabel:
       │   whiteMountainView display2, inherit: true, color:
       │   Color(0xb3ffffff), family: Roboto, decoration:
       │   TextDecoration.none), display1: TextStyle(debugLabel:
       │   whiteMountainView display1, inherit: true, color:
       │   Color(0xb3ffffff), family: Roboto, decoration:
       │   TextDecoration.none), headline: TextStyle(debugLabel:
       │   whiteMountainView headline, inherit: true, color:
       │   Color(0xffffffff), family: Roboto, decoration:
       │   TextDecoration.none), title: TextStyle(debugLabel:
       │   whiteMountainView title, inherit: true, color:
       │   Color(0xffffffff), family: Roboto, decoration:
       │   TextDecoration.none), subhead: TextStyle(debugLabel:
       │   whiteMountainView subhead, inherit: true, color:
       │   Color(0xffffffff), family: Roboto, decoration:
       │   TextDecoration.none), body2: TextStyle(debugLabel:
       │   whiteMountainView body2, inherit: true, color:
       │   Color(0xffffffff), family: Roboto, decoration:
       │   TextDecoration.none), body1: TextStyle(debugLabel:
       │   whiteMountainView body1, inherit: true, color:
       │   Color(0xffffffff), family: Roboto, decoration:
       │   TextDecoration.none), caption: TextStyle(debugLabel:
       │   whiteMountainView caption, inherit: true, color:
       │   Color(0xb3ffffff), family: Roboto, decoration:
       │   TextDecoration.none), button: TextStyle(debugLabel:
       │   whiteMountainView button, inherit: true, color:
       │   Color(0xffffffff), family: Roboto, decoration:
       │   TextDecoration.none), subtitle): TextStyle(debugLabel:
       │   whiteMountainView subtitle, inherit: true, color:
       │   Color(0xffffffff), family: Roboto, decoration:
       │   TextDecoration.none), overline: TextStyle(debugLabel:
       │   whiteMountainView overline, inherit: true, color:
       │   Color(0xffffffff), family: Roboto, decoration:
       │   TextDecoration.none)), accentTextTheme:
       │   TextTheme#00000(display4: TextStyle(debugLabel:
       │   whiteMountainView display4, inherit: true, color:
       │   Color(0xb3ffffff), family: Roboto, decoration:
       │   TextDecoration.none), display3: TextStyle(debugLabel:
       │   whiteMountainView display3, inherit: true, color:
       │   Color(0xb3ffffff), family: Roboto, decoration:
       │   TextDecoration.none), display2: TextStyle(debugLabel:
       │   whiteMountainView display2, inherit: true, color:
       │   Color(0xb3ffffff), family: Roboto, decoration:
       │   TextDecoration.none), display1: TextStyle(debugLabel:
       │   whiteMountainView display1, inherit: true, color:
       │   Color(0xb3ffffff), family: Roboto, decoration:
       │   TextDecoration.none), headline: TextStyle(debugLabel:
       │   whiteMountainView headline, inherit: true, color:
       │   Color(0xffffffff), family: Roboto, decoration:
       │   TextDecoration.none), title: TextStyle(debugLabel:
       │   whiteMountainView title, inherit: true, color:
       │   Color(0xffffffff), family: Roboto, decoration:
       │   TextDecoration.none), subhead: TextStyle(debugLabel:
       │   whiteMountainView subhead, inherit: true, color:
       │   Color(0xffffffff), family: Roboto, decoration:
       │   TextDecoration.none), body2: TextStyle(debugLabel:
       │   whiteMountainView body2, inherit: true, color:
       │   Color(0xffffffff), family: Roboto, decoration:
       │   TextDecoration.none), body1: TextStyle(debugLabel:
       │   whiteMountainView body1, inherit: true, color:
       │   Color(0xffffffff), family: Roboto, decoration:
       │   TextDecoration.none), caption: TextStyle(debugLabel:
       │   whiteMountainView caption, inherit: true, color:
       │   Color(0xb3ffffff), family: Roboto, decoration:
       │   TextDecoration.none), button: TextStyle(debugLabel:
       │   whiteMountainView button, inherit: true, color:
       │   Color(0xffffffff), family: Roboto, decoration:
       │   TextDecoration.none), subtitle): TextStyle(debugLabel:
       │   whiteMountainView subtitle, inherit: true, color:
       │   Color(0xffffffff), family: Roboto, decoration:
       │   TextDecoration.none), overline: TextStyle(debugLabel:
       │   whiteMountainView overline, inherit: true, color:
       │   Color(0xffffffff), family: Roboto, decoration:
       │   TextDecoration.none)), inputDecorationTheme:
       │   InputDecorationTheme#00000, iconTheme:
       │   IconThemeData#00000(color: Color(0xdd000000)),
       │   primaryIconTheme: IconThemeData#00000(color:
       │   Color(0xffffffff)), accentIconTheme: IconThemeData#00000(color:
       │   Color(0xffffffff)), sliderTheme: SliderThemeData#00000,
       │   tabBarTheme: TabBarTheme#00000, chipTheme: ChipThemeData#00000,
       │   materialTapTargetSize: MaterialTapTargetSize.padded,
       │   pageTransitionsTheme: PageTransitionsTheme#00000)
       │
       └─_InheritedTheme
         └─IconTheme
           │ data: IconThemeData#00000(color: Color(0xdd000000))
           │
           └─CupertinoTheme
             └─WidgetsApp-[GlobalObjectKey _MaterialAppState#00000]
               │ state: _WidgetsAppState#00000
               │
               └─MediaQuery
                 │ data: MediaQueryData(size: Size(800.0, 600.0), devicePixelRatio:
                 │   3.0, textScaleFactor: 1.0, padding: EdgeInsets.zero,
                 │   viewInsets: EdgeInsets.zero, alwaysUse24HourFormat: false,
                 │   accessibleNavigation: falsedisableAnimations:
                 │   falseinvertColors: falseboldText: false)
                 │
                 └─Localizations
                   │ locale: en_US
                   │ delegates: DefaultMaterialLocalizations.delegate(en_US),
                   │   DefaultCupertinoLocalizations.delegate(en_US),
                   │   DefaultWidgetsLocalizations.delegate(en_US)
                   │ state: _LocalizationsState#00000
                   │
                   └─Semantics
                     │ container: false
                     │ properties: SemanticsProperties
                     │ label: null
                     │ value: null
                     │ hint: null
                     │ textDirection: ltr
                     │ hintOverrides: null
                     │ renderObject: RenderSemanticsAnnotations#00000
                     │
                     └─_LocalizationsScope-[GlobalKey#00000]
                       └─Directionality
                         │ textDirection: ltr
                         │
                         └─Title
                           │ title: "Hello, World"
                           │ color: MaterialColor(primary value: Color(0xff2196f3))
                           │
                           └─CheckedModeBanner
                             │ "DEBUG"
                             │
                             └─Banner
                               │ message: "DEBUG"
                               │ textDirection: ltr
                               │ location: topEnd
                               │ color: Color(0xa0b71c1c)
                               │ text inherit: true
                               │ text color: Color(0xffffffff)
                               │ text size: 10.2
                               │ text weight: 900
                               │ text height: 1.0x
                               │
                               └─CustomPaint
                                 │ renderObject: RenderCustomPaint#00000
                                 │
                                 └─DefaultTextStyle
                                   │ debugLabel: fallback style; consider putting your text in a
                                   │   Material
                                   │ inherit: true
                                   │ color: Color(0xd0ff0000)
                                   │ family: monospace
                                   │ size: 48.0
                                   │ weight: 900
                                   │ decoration: double Color(0xffffff00) TextDecoration.underline
                                   │ softWrap: wrapping at box width
                                   │ overflow: clip
                                   │
                                   └─Navigator-[GlobalObjectKey<NavigatorState> _WidgetsAppState#00000]
                                     │ state: NavigatorState#00000(tickers: tracking 1 ticker)
                                     │
                                     └─Listener
                                       │ listeners: down, up, cancel
                                       │ behavior: deferToChild
                                       │ renderObject: RenderPointerListener#00000
                                       │
                                       └─AbsorbPointer
                                         │ absorbing: false
                                         │ renderObject: RenderAbsorbPointer#00000
                                         │
                                         └─FocusScope
                                           │ state: _FocusScopeState#00000
                                           │
                                           └─Semantics
                                             │ container: false
                                             │ properties: SemanticsProperties
                                             │ label: null
                                             │ value: null
                                             │ hint: null
                                             │ hintOverrides: null
                                             │ renderObject: RenderSemanticsAnnotations#00000
                                             │
                                             └─_FocusScopeMarker
                                               └─Overlay-[LabeledGlobalKey<OverlayState>#00000]
                                                 │ state: OverlayState#00000(entries: [OverlayEntry#00000(opaque:
                                                 │   false; maintainState: false), OverlayEntry#00000(opaque: false;
                                                 │   maintainState: true)])
                                                 │
                                                 └─_Theatre
                                                   │ renderObject: _RenderTheatre#00000
                                                   │
                                                   └─Stack
                                                     │ alignment: AlignmentDirectional.topStart
                                                     │ fit: expand
                                                     │ overflow: clip
                                                     │ renderObject: RenderStack#00000
                                                     │
                                                     ├─_OverlayEntry-[LabeledGlobalKey<_OverlayEntryState>#00000]
                                                     │ │ state: _OverlayEntryState#00000
                                                     │ │
                                                     │ └─IgnorePointer
                                                     │   │ ignoring: false
                                                     │   │ renderObject: RenderIgnorePointer#00000
                                                     │   │
                                                     │   └─ModalBarrier
                                                     │     └─BlockSemantics
                                                     │       │ blocking: true
                                                     │       │ renderObject: RenderBlockSemantics#00000
                                                     │       │
                                                     │       └─ExcludeSemantics
                                                     │         │ excluding: true
                                                     │         │ renderObject: RenderExcludeSemantics#00000
                                                     │         │
                                                     │         └─GestureDetector
                                                     │           │ startBehavior: start
                                                     │           │
                                                     │           └─RawGestureDetector
                                                     │             │ state: RawGestureDetectorState#00000(gestures: [tap], behavior:
                                                     │             │   opaque)
                                                     │             │
                                                     │             └─_GestureSemantics
                                                     │               │ renderObject: RenderSemanticsGestureHandler#00000
                                                     │               │
                                                     │               └─Listener
                                                     │                 │ listeners: down
                                                     │                 │ behavior: opaque
                                                     │                 │ renderObject: RenderPointerListener#00000
                                                     │                 │
                                                     │                 └─Semantics
                                                     │                   │ container: false
                                                     │                   │ properties: SemanticsProperties
                                                     │                   │ label: null
                                                     │                   │ value: null
                                                     │                   │ hint: null
                                                     │                   │ hintOverrides: null
                                                     │                   │ renderObject: RenderSemanticsAnnotations#00000
                                                     │                   │
                                                     │                   └─ConstrainedBox
                                                     │                       constraints: BoxConstraints(biggest)
                                                     │                       renderObject: RenderConstrainedBox#00000
                                                     │
                                                     └─_OverlayEntry-[LabeledGlobalKey<_OverlayEntryState>#00000]
                                                       │ state: _OverlayEntryState#00000
                                                       │
                                                       └─_ModalScope<dynamic>-[LabeledGlobalKey<_ModalScopeState<dynamic>>#00000]
                                                         │ state: _ModalScopeState<dynamic>#00000
                                                         │
                                                         └─_ModalScopeStatus
                                                           │ isCurrent: active
                                                           │
                                                           └─Offstage
                                                             │ offstage: false
                                                             │ renderObject: RenderOffstage#00000
                                                             │
                                                             └─PageStorage
                                                               └─FocusScope
                                                                 │ state: _FocusScopeState#00000
                                                                 │
                                                                 └─Semantics
                                                                   │ container: false
                                                                   │ properties: SemanticsProperties
                                                                   │ label: null
                                                                   │ value: null
                                                                   │ hint: null
                                                                   │ hintOverrides: null
                                                                   │ renderObject: RenderSemanticsAnnotations#00000
                                                                   │
                                                                   └─_FocusScopeMarker
                                                                     └─RepaintBoundary
                                                                       │ renderObject: RenderRepaintBoundary#00000
                                                                       │
                                                                       └─AnimatedBuilder
                                                                         │ animation: Listenable.merge([AnimationController#00000(⏭ 1.000;
                                                                         │   paused; for MaterialPageRoute<dynamic>(/))➩ProxyAnimation,
                                                                         │   kAlwaysDismissedAnimation➩ProxyAnimation➩ProxyAnimation])
                                                                         │ state: _AnimatedState#00000
                                                                         │
                                                                         └─_FadeUpwardsPageTransition
                                                                           └─SlideTransition
                                                                             │ animation: AnimationController#00000(⏭ 1.000; paused; for
                                                                             │   MaterialPageRoute<dynamic>(/))➩ProxyAnimation➩CurveTween(curve:
                                                                             │   Cubic(0.40, 0.00, 0.20, 1.00))➩Tween<Offset>(Offset(0.0, 0.3) →
                                                                             │   Offset(0.0, 0.0))➩Offset(0.0, 0.0)
                                                                             │ state: _AnimatedState#00000
                                                                             │
                                                                             └─FractionalTranslation
                                                                               │ renderObject: RenderFractionalTranslation#00000
                                                                               │
                                                                               └─FadeTransition
                                                                                 │ opacity: AnimationController#00000(⏭ 1.000; paused; for
                                                                                 │   MaterialPageRoute<dynamic>(/))➩ProxyAnimation➩CurveTween(curve:
                                                                                 │   Cubic(0.42, 0.00, 1.00, 1.00))➩1.0
                                                                                 │ renderObject: RenderAnimatedOpacity#00000
                                                                                 │
                                                                                 └─IgnorePointer
                                                                                   │ ignoring: false
                                                                                   │ renderObject: RenderIgnorePointer#00000
                                                                                   │
                                                                                   └─RepaintBoundary-[GlobalKey#00000]
                                                                                     │ renderObject: RenderRepaintBoundary#00000
                                                                                     │
                                                                                     └─Builder
                                                                                       └─Semantics
                                                                                         │ container: false
                                                                                         │ properties: SemanticsProperties
                                                                                         │ label: null
                                                                                         │ value: null
                                                                                         │ hint: null
                                                                                         │ hintOverrides: null
                                                                                         │ renderObject: RenderSemanticsAnnotations#00000
                                                                                         │
                                                                                         └─Scaffold
                                                                                             state: ScaffoldState#00000(tickers: tracking 1 ticker)
